// Jest Snapshot v1, https://goo.gl/fbAQLP

exports[`<FilmCard /> should render correct 1`] = `
<article
  className="small-movie-card catalog__movies-card"
  onClick={[Function]}
  onMouseLeave={[Function]}
  onMouseOver={[Function]}
>
  <div
    className="small-movie-card__image"
  >
    <video
      height="175"
      poster="img/the-grand-budapest-hotel-poster.jpg"
      src="https://upload.wikimedia.org/wikipedia/commons/transcoded/b/b3/Big_Buck_Bunny_Trailer_400p.ogv/Big_Buck_Bunny_Trailer_400p.ogv.360p.webm"
      width="280"
    />
  </div>
  <h3
    className="small-movie-card__title"
  >
    <a
      className="small-movie-card__link"
      href="movie-page.html"
    >
      Fantastic Beasts
    </a>
  </h3>
</article>
`;
